...............................................................          [100%]
63 passed in 76.46s (0:01:16)
